# NOTE (2026-09-03): DEVELOPMENT RUN, NOT the verification of record.
# This log records the first AWS build: all 559 certificate chunks and the
# assembly kernel-check succeeded, but the final file CertMain.lean failed to
# elaborate (namespace errors, fixed in commit 23572c0) and the axiom-audit
# step aborted on a missing probe file. The verification of record is
# cleanverify-x86-64.log: a clean clone of commit 23572c0, full build of
# RamseyLean.Bootstrap2.CertMain (3,992 jobs) and the axiom audit, all green.
== Thu Sep  3 04:47:14 UTC 2026 Linux ip-172-31-37-28 6.8.0-1063-aws #66~22.04.1-Ubuntu SMP Fri Aug  7 17:45:18 UTC 2026 x86_64 x86_64 x86_64 GNU/Linux
info: downloading installer
== commit: d9a3a6330982dac38fd1d082f0264a5b05b49192
== toolchain: leanprover/lean4:v4.32.1
== cache get
info: downloading https://releases.lean-lang.org/lean4/v4.32.1/lean-4.32.1-linux.tar.zst
info: installing /home/ubuntu/.elan/toolchains/leanprover--lean4---v4.32.1
info: mathlib: cloning https://github.com/leanprover-community/mathlib4
info: mathlib: checking out revision '520045ab14e26149ee970e2e617ca04b09bde5d6'
info: plausible: cloning https://github.com/leanprover-community/plausible
info: plausible: checking out revision 'e12c1910fe855cbfc38803cd4e55543906d5fa62'
info: LeanSearchClient: cloning https://github.com/leanprover-community/LeanSearchClient
info: LeanSearchClient: checking out revision 'c5d5b8fe6e5158def25cd28eb94e4141ad97c843'
info: importGraph: cloning https://github.com/leanprover-community/import-graph
info: importGraph: checking out revision '7e9612bf0b9ee66db3cb5b9988a35afc706f5a12'
info: proofwidgets: cloning https://github.com/leanprover-community/ProofWidgets4
info: proofwidgets: checking out revision '6e311e2a844da9b2cc3971187df2fe0066947b93'
info: aesop: cloning https://github.com/leanprover-community/aesop
info: aesop: checking out revision 'a7dbf0c63b694e47f425f3dcddbc0e178bb432d3'
info: Qq: cloning https://github.com/leanprover-community/quote4
info: Qq: checking out revision '38d591e778f100aec9762bb582f9c7f55f50e9dc'
info: batteries: cloning https://github.com/leanprover-community/batteries
info: batteries: checking out revision '023ce7d62a0531e22a5331e20b587817a80d49ff'
info: Cli: cloning https://github.com/leanprover/lean4-cli
info: Cli: checking out revision '88679d088c9720c27ebdf2ba4dafe17341747f94'
✔ [3/27] Built Cache.Cli (251ms)
✔ [4/27] Built Cache.Lean (305ms)
✔ [7/27] Built Cache.Cli:c.o (99ms)
✔ [8/27] Built Cache.Lean:c.o (110ms)
✔ [9/27] Built Cache.Infra (292ms)
✔ [10/27] Built Cache.Infra:c.o (159ms)
✔ [11/27] Built Batteries.Tactic.OpenPrivate (665ms)
✔ [12/27] Built Batteries.Tactic.OpenPrivate:c.o (863ms)
✔ [13/27] Built Cache.IO (1.0s)
✔ [14/27] Built Cache.Hashing (617ms)
✔ [15/27] Built Cache.Hashing:c.o (318ms)
✔ [16/27] Built Cache.IO:c.o (1.1s)
✔ [17/27] Built Cache.Requests (1.5s)
✔ [18/27] Built Cache.Marker (476ms)
✔ [19/27] Built Cache.Marker:c.o (90ms)
✔ [20/27] Built Cache.Query (552ms)
✔ [21/27] Built Cache.Query:c.o (220ms)
✔ [22/27] Built Cache.Warning (536ms)
✔ [23/27] Built Cache.Warning:c.o (191ms)
✔ [24/27] Built Cache.Requests:c.o (1.0s)
✔ [25/27] Built Cache.Main (1.2s)
✔ [26/27] Built Cache.Main:c.o (687ms)
✔ [27/27] Built cache:exe (635ms)

Downloaded: 0 file(s) [attempted 1/8639 = 0%, 0 KB/s], Decompressed: 0
Downloaded: 0 file(s) [attempted 149/8639 = 1%, 6 KB/s], Decompressed: 0
Downloaded: 0 file(s) [attempted 294/8639 = 3%, 6 KB/s], Decompressed: 0
Downloaded: 0 file(s) [attempted 432/8639 = 5%, 6 KB/s], Decompressed: 0
Downloaded: 0 file(s) [attempted 576/8639 = 6%, 6 KB/s], Decompressed: 0
Downloaded: 0 file(s) [attempted 714/8639 = 8%, 6 KB/s], Decompressed: 0
Downloaded: 0 file(s) [attempted 856/8639 = 9%, 6 KB/s], Decompressed: 0
Downloaded: 0 file(s) [attempted 994/8639 = 11%, 6 KB/s], Decompressed: 0
Downloaded: 0 file(s) [attempted 1131/8639 = 13%, 6 KB/s], Decompressed: 0
Downloaded: 0 file(s) [attempted 1273/8639 = 14%, 6 KB/s], Decompressed: 0
Downloaded: 0 file(s) [attempted 1410/8639 = 16%, 6 KB/s], Decompressed: 0
Downloaded: 0 file(s) [attempted 1548/8639 = 17%, 6 KB/s], Decompressed: 0
Downloaded: 0 file(s) [attempted 1689/8639 = 19%, 6 KB/s], Decompressed: 0
Downloaded: 0 file(s) [attempted 1831/8639 = 21%, 6 KB/s], Decompressed: 0
Downloaded: 0 file(s) [attempted 1965/8639 = 22%, 6 KB/s], Decompressed: 0
Downloaded: 0 file(s) [attempted 2106/8639 = 24%, 5 KB/s], Decompressed: 0
Downloaded: 0 file(s) [attempted 2244/8639 = 25%, 6 KB/s], Decompressed: 0
Downloaded: 0 file(s) [attempted 2382/8639 = 27%, 5 KB/s], Decompressed: 0
Downloaded: 0 file(s) [attempted 2527/8639 = 29%, 5 KB/s], Decompressed: 0
Downloaded: 0 file(s) [attempted 2661/8639 = 30%, 6 KB/s], Decompressed: 0
Downloaded: 0 file(s) [attempted 2806/8639 = 32%, 6 KB/s], Decompressed: 0
Downloaded: 0 file(s) [attempted 2916/8639 = 33%, 6 KB/s], Decompressed: 0
Downloaded: 0 file(s) [attempted 3067/8639 = 35%, 5 KB/s], Decompressed: 0
Downloaded: 0 file(s) [attempted 3219/8639 = 37%, 5 KB/s], Decompressed: 0
Downloaded: 0 file(s) [attempted 3353/8639 = 38%, 6 KB/s], Decompressed: 0
Downloaded: 0 file(s) [attempted 3498/8639 = 40%, 5 KB/s], Decompressed: 0
Downloaded: 0 file(s) [attempted 3632/8639 = 42%, 5 KB/s], Decompressed: 0
Downloaded: 0 file(s) [attempted 3774/8639 = 43%, 6 KB/s], Decompressed: 0
Downloaded: 0 file(s) [attempted 3915/8639 = 45%, 6 KB/s], Decompressed: 0
Downloaded: 0 file(s) [attempted 4049/8639 = 46%, 6 KB/s], Decompressed: 0
Downloaded: 0 file(s) [attempted 4190/8639 = 48%, 5 KB/s], Decompressed: 0
Downloaded: 0 file(s) [attempted 4325/8639 = 50%, 6 KB/s], Decompressed: 0
Downloaded: 0 file(s) [attempted 4459/8639 = 51%, 5 KB/s], Decompressed: 0
Downloaded: 0 file(s) [attempted 4597/8639 = 53%, 6 KB/s], Decompressed: 0
Downloaded: 0 file(s) [attempted 4738/8639 = 54%, 6 KB/s], Decompressed: 0
Downloaded: 0 file(s) [attempted 4873/8639 = 56%, 6 KB/s], Decompressed: 0
Downloaded: 0 file(s) [attempted 5010/8639 = 57%, 6 KB/s], Decompressed: 0
Downloaded: 0 file(s) [attempted 5141/8639 = 59%, 6 KB/s], Decompressed: 0
Downloaded: 0 file(s) [attempted 5283/8639 = 61%, 5 KB/s], Decompressed: 0
Downloaded: 0 file(s) [attempted 5420/8639 = 62%, 6 KB/s], Decompressed: 0
Downloaded: 0 file(s) [attempted 5558/8639 = 64%, 6 KB/s], Decompressed: 0
Downloaded: 0 file(s) [attempted 5696/8639 = 65%, 5 KB/s], Decompressed: 0
Downloaded: 0 file(s) [attempted 5834/8639 = 67%, 5 KB/s], Decompressed: 0
Downloaded: 0 file(s) [attempted 5972/8639 = 69%, 6 KB/s], Decompressed: 0
Downloaded: 0 file(s) [attempted 6113/8639 = 70%, 6 KB/s], Decompressed: 0
Downloaded: 0 file(s) [attempted 6251/8639 = 72%, 6 KB/s], Decompressed: 0
Downloaded: 0 file(s) [attempted 6388/8639 = 73%, 5 KB/s], Decompressed: 0
Downloaded: 0 file(s) [attempted 6533/8639 = 75%, 6 KB/s], Decompressed: 0
Downloaded: 0 file(s) [attempted 6674/8639 = 77%, 6 KB/s], Decompressed: 0
Downloaded: 0 file(s) [attempted 6816/8639 = 78%, 6 KB/s], Decompressed: 0
Downloaded: 0 file(s) [attempted 6957/8639 = 80%, 6 KB/s], Decompressed: 0
Downloaded: 0 file(s) [attempted 7098/8639 = 82%, 6 KB/s], Decompressed: 0
Downloaded: 0 file(s) [attempted 7239/8639 = 83%, 6 KB/s], Decompressed: 0
Downloaded: 0 file(s) [attempted 7380/8639 = 85%, 6 KB/s], Decompressed: 0
Downloaded: 0 file(s) [attempted 7525/8639 = 87%, 5 KB/s], Decompressed: 0
Downloaded: 0 file(s) [attempted 7670/8639 = 88%, 5 KB/s], Decompressed: 0
Downloaded: 0 file(s) [attempted 7804/8639 = 90%, 6 KB/s], Decompressed: 0
Downloaded: 0 file(s) [attempted 7949/8639 = 92%, 6 KB/s], Decompressed: 0
Downloaded: 0 file(s) [attempted 8087/8639 = 93%, 6 KB/s], Decompressed: 0
Downloaded: 0 file(s) [attempted 8228/8639 = 95%, 6 KB/s], Decompressed: 0
Downloaded: 0 file(s) [attempted 8369/8639 = 96%, 5 KB/s], Decompressed: 0
Downloaded: 0 file(s) [attempted 8510/8639 = 98%, 6 KB/s], Decompressed: 0
Downloaded: 0 file(s) [attempted 8638/8639 = 99%, 5 KB/s], Decompressed: 0
Downloaded: 0 file(s) [attempted 8639/8639 = 100%, 5 KB/s], Decompressed: 0

Downloaded: 1 file(s) [attempted 1/8639 = 0%, 15 KB/s], Decompressed: 0
Downloaded: 76 file(s) [attempted 76/8639 = 0%, 51 KB/s], Decompressed: 14
Downloaded: 179 file(s) [attempted 179/8639 = 2%, 861 KB/s], Decompressed: 14
Downloaded: 263 file(s) [attempted 263/8639 = 3%, 180 KB/s], Decompressed: 76
Downloaded: 349 file(s) [attempted 349/8639 = 4%, 130 KB/s], Decompressed: 76
Downloaded: 469 file(s) [attempted 469/8639 = 5%, 310 KB/s], Decompressed: 194
Downloaded: 587 file(s) [attempted 587/8639 = 6%, 1023 KB/s], Decompressed: 194
Downloaded: 693 file(s) [attempted 693/8639 = 8%, 896 KB/s], Decompressed: 194
Downloaded: 800 file(s) [attempted 800/8639 = 9%, 526 KB/s], Decompressed: 394
Downloaded: 924 file(s) [attempted 924/8639 = 10%, 153 KB/s], Decompressed: 394
Downloaded: 1042 file(s) [attempted 1042/8639 = 12%, 1288 KB/s], Decompressed: 394
Downloaded: 1148 file(s) [attempted 1148/8639 = 13%, 1161 KB/s], Decompressed: 394
Downloaded: 1279 file(s) [attempted 1279/8639 = 14%, 620 KB/s], Decompressed: 394
Downloaded: 1407 file(s) [attempted 1407/8639 = 16%, 1446 KB/s], Decompressed: 394
Downloaded: 1531 file(s) [attempted 1531/8639 = 17%, 202 KB/s], Decompressed: 756
Downloaded: 1661 file(s) [attempted 1661/8639 = 19%, 160 KB/s], Decompressed: 756
Downloaded: 1785 file(s) [attempted 1785/8639 = 20%, 1086 KB/s], Decompressed: 756
Downloaded: 1916 file(s) [attempted 1916/8639 = 22%, 357 KB/s], Decompressed: 756
Downloaded: 2040 file(s) [attempted 2040/8639 = 23%, 87 KB/s], Decompressed: 756
Downloaded: 2157 file(s) [attempted 2157/8639 = 24%, 143 KB/s], Decompressed: 756
Downloaded: 2292 file(s) [attempted 2292/8639 = 26%, 636 KB/s], Decompressed: 756
Downloaded: 2413 file(s) [attempted 2413/8639 = 27%, 3583 KB/s], Decompressed: 756
Downloaded: 2540 file(s) [attempted 2540/8639 = 29%, 1834 KB/s], Decompressed: 756
Downloaded: 2674 file(s) [attempted 2674/8639 = 30%, 85 KB/s], Decompressed: 756
Downloaded: 2801 file(s) [attempted 2801/8639 = 32%, 456 KB/s], Decompressed: 1455
Downloaded: 2929 file(s) [attempted 2929/8639 = 33%, 3156 KB/s], Decompressed: 1455
Downloaded: 3055 file(s) [attempted 3055/8639 = 35%, 1034 KB/s], Decompressed: 1455
Downloaded: 3170 file(s) [attempted 3170/8639 = 36%, 2738 KB/s], Decompressed: 1455
Downloaded: 3270 file(s) [attempted 3270/8639 = 37%, 2852 KB/s], Decompressed: 1455
Downloaded: 3407 file(s) [attempted 3407/8639 = 39%, 164 KB/s], Decompressed: 1455
Downloaded: 3531 file(s) [attempted 3531/8639 = 40%, 232 KB/s], Decompressed: 1455
Downloaded: 3659 file(s) [attempted 3659/8639 = 42%, 1783 KB/s], Decompressed: 1455
Downloaded: 3797 file(s) [attempted 3797/8639 = 43%, 406 KB/s], Decompressed: 1455
Downloaded: 3921 file(s) [attempted 3921/8639 = 45%, 63 KB/s], Decompressed: 1455
Downloaded: 4055 file(s) [attempted 4055/8639 = 46%, 1281 KB/s], Decompressed: 1455
Downloaded: 4182 file(s) [attempted 4182/8639 = 48%, 3410 KB/s], Decompressed: 1455
Downloaded: 4310 file(s) [attempted 4310/8639 = 49%, 1477 KB/s], Decompressed: 1455
Downloaded: 4437 file(s) [attempted 4437/8639 = 51%, 1794 KB/s], Decompressed: 1455
Downloaded: 4575 file(s) [attempted 4575/8639 = 52%, 1314 KB/s], Decompressed: 1455
Downloaded: 4699 file(s) [attempted 4699/8639 = 54%, 2261 KB/s], Decompressed: 1455
Downloaded: 4833 file(s) [attempted 4833/8639 = 55%, 2773 KB/s], Decompressed: 1455
Downloaded: 4961 file(s) [attempted 4961/8639 = 57%, 1273 KB/s], Decompressed: 2691
Downloaded: 5074 file(s) [attempted 5074/8639 = 58%, 1249 KB/s], Decompressed: 2691
Downloaded: 5202 file(s) [attempted 5202/8639 = 60%, 6623 KB/s], Decompressed: 2691
Downloaded: 5329 file(s) [attempted 5329/8639 = 61%, 155 KB/s], Decompressed: 2691
Downloaded: 5419 file(s) [attempted 5419/8639 = 62%, 1177 KB/s], Decompressed: 2691
Downloaded: 5567 file(s) [attempted 5567/8639 = 64%, 3105 KB/s], Decompressed: 2691
Downloaded: 5691 file(s) [attempted 5691/8639 = 65%, 132 KB/s], Decompressed: 2691
Downloaded: 5815 file(s) [attempted 5815/8639 = 67%, 771 KB/s], Decompressed: 2691
Downloaded: 5946 file(s) [attempted 5946/8639 = 68%, 297 KB/s], Decompressed: 2691
Downloaded: 6076 file(s) [attempted 6076/8639 = 70%, 294 KB/s], Decompressed: 2691
Downloaded: 6204 file(s) [attempted 6204/8639 = 71%, 1044 KB/s], Decompressed: 2691
Downloaded: 6331 file(s) [attempted 6331/8639 = 73%, 269 KB/s], Decompressed: 2691
Downloaded: 6455 file(s) [attempted 6455/8639 = 74%, 294 KB/s], Decompressed: 2691
Downloaded: 6583 file(s) [attempted 6583/8639 = 76%, 3976 KB/s], Decompressed: 2691
Downloaded: 6710 file(s) [attempted 6710/8639 = 77%, 2241 KB/s], Decompressed: 2691
Downloaded: 6841 file(s) [attempted 6841/8639 = 79%, 5097 KB/s], Decompressed: 2691
Downloaded: 6972 file(s) [attempted 6972/8639 = 80%, 491 KB/s], Decompressed: 2691
Downloaded: 7099 file(s) [attempted 7099/8639 = 82%, 585 KB/s], Decompressed: 2691
Downloaded: 7237 file(s) [attempted 7237/8639 = 83%, 987 KB/s], Decompressed: 2691
Downloaded: 7330 file(s) [attempted 7330/8639 = 84%, 1787 KB/s], Decompressed: 2691
Downloaded: 7478 file(s) [attempted 7478/8639 = 86%, 967 KB/s], Decompressed: 2691
Downloaded: 7605 file(s) [attempted 7605/8639 = 88%, 551 KB/s], Decompressed: 2691
Downloaded: 7736 file(s) [attempted 7736/8639 = 89%, 568 KB/s], Decompressed: 2691
Downloaded: 7860 file(s) [attempted 7860/8639 = 90%, 367 KB/s], Decompressed: 2691
Downloaded: 7991 file(s) [attempted 7991/8639 = 92%, 2481 KB/s], Decompressed: 2691
Downloaded: 8122 file(s) [attempted 8122/8639 = 94%, 1499 KB/s], Decompressed: 2691
Downloaded: 8246 file(s) [attempted 8246/8639 = 95%, 4074 KB/s], Decompressed: 2691
Downloaded: 8380 file(s) [attempted 8380/8639 = 97%, 3440 KB/s], Decompressed: 2691
Downloaded: 8494 file(s) [attempted 8494/8639 = 98%, 224 KB/s], Decompressed: 2691
Downloaded: 8628 file(s) [attempted 8628/8639 = 99%, 487 KB/s], Decompressed: 4892
Downloaded: 8639 file(s) [attempted 8639/8639 = 100%, 487 KB/s], Decompressed: 4892

real	1m18.747s
user	1m33.224s
sys	0m55.487s
== building RamseyLean.Bootstrap2.CertMain (all 559 chunks + framework)
✔ [3404/3992] Built RamseyLean.Basic (1.0s)
✔ [3405/3992] Built RamseyLean.Coloring (1.0s)
✔ [3406/3992] Built RamseyLean.Counting (1.2s)
✔ [3407/3992] Built RamseyLean.Ramsey (1.3s)
✔ [3408/3992] Built RamseyLean.Analysis.CertifiedNumerics (2.5s)
✔ [3409/3992] Built RamseyLean.Analysis.Binomial (2.9s)
✔ [3410/3992] Built RamseyLean.Candidate (1.2s)
✔ [3411/3992] Built RamseyLean.Asymptotics.Uniform (1.8s)
✔ [3412/3992] Built RamseyLean.Analysis.NormalizedFunctions (2.5s)
✔ [3413/3992] Built RamseyLean.EasyBound (5.5s)
⚠ [3414/3992] Built RamseyLean.Analysis.FixedPointInterval (4.6s)
warning: RamseyLean/Analysis/FixedPointInterval.lean:476:4: try 'simp' instead of 'simpa'

Note: This linter can be disabled with `set_option linter.unnecessarySimpa false`
warning: RamseyLean/Analysis/FixedPointInterval.lean:576:20: Used `tac1 <;> tac2` where `(tac1; tac2)` would suffice

Note: This linter can be disabled with `set_option linter.unnecessarySeqFocus false`
warning: RamseyLean/Analysis/FixedPointInterval.lean:576:34: Used `tac1 <;> tac2` where `(tac1; tac2)` would suffice

Note: This linter can be disabled with `set_option linter.unnecessarySeqFocus false`
warning: RamseyLean/Analysis/FixedPointInterval.lean:594:53: Used `tac1 <;> tac2` where `(tac1; tac2)` would suffice

Note: This linter can be disabled with `set_option linter.unnecessarySeqFocus false`
warning: RamseyLean/Analysis/FixedPointInterval.lean:671:2: 'norm_num at ⊢' tactic does nothing

Note: This linter can be disabled with `set_option linter.unusedTactic false`
warning: RamseyLean/Analysis/FixedPointInterval.lean:683:20: Used `tac1 <;> tac2` where `(tac1; tac2)` would suffice

Note: This linter can be disabled with `set_option linter.unnecessarySeqFocus false`
warning: RamseyLean/Analysis/FixedPointInterval.lean:683:34: Used `tac1 <;> tac2` where `(tac1; tac2)` would suffice

Note: This linter can be disabled with `set_option linter.unnecessarySeqFocus false`
warning: RamseyLean/Analysis/FixedPointInterval.lean:694:62: Used `tac1 <;> tac2` where `(tac1; tac2)` would suffice

Note: This linter can be disabled with `set_option linter.unnecessarySeqFocus false`
warning: RamseyLean/Analysis/FixedPointInterval.lean:776:22: Used `tac1 <;> tac2` where `(tac1; tac2)` would suffice

Note: This linter can be disabled with `set_option linter.unnecessarySeqFocus false`
warning: RamseyLean/Analysis/FixedPointInterval.lean:776:36: Used `tac1 <;> tac2` where `(tac1; tac2)` would suffice

Note: This linter can be disabled with `set_option linter.unnecessarySeqFocus false`
warning: RamseyLean/Analysis/FixedPointInterval.lean:779:22: Used `tac1 <;> tac2` where `(tac1; tac2)` would suffice

Note: This linter can be disabled with `set_option linter.unnecessarySeqFocus false`
warning: RamseyLean/Analysis/FixedPointInterval.lean:779:36: Used `tac1 <;> tac2` where `(tac1; tac2)` would suffice

Note: This linter can be disabled with `set_option linter.unnecessarySeqFocus false`
warning: RamseyLean/Analysis/FixedPointInterval.lean:788:20: Used `tac1 <;> tac2` where `(tac1; tac2)` would suffice

Note: This linter can be disabled with `set_option linter.unnecessarySeqFocus false`
warning: RamseyLean/Analysis/FixedPointInterval.lean:788:34: Used `tac1 <;> tac2` where `(tac1; tac2)` would suffice

Note: This linter can be disabled with `set_option linter.unnecessarySeqFocus false`
warning: RamseyLean/Analysis/FixedPointInterval.lean:831:20: Used `tac1 <;> tac2` where `(tac1; tac2)` would suffice

Note: This linter can be disabled with `set_option linter.unnecessarySeqFocus false`
warning: RamseyLean/Analysis/FixedPointInterval.lean:831:34: Used `tac1 <;> tac2` where `(tac1; tac2)` would suffice

Note: This linter can be disabled with `set_option linter.unnecessarySeqFocus false`
✔ [3415/3992] Built RamseyLean.AsymptoticRegion (3.0s)
✔ [3416/3992] Built RamseyLean.Frontier (2.5s)
⚠ [3417/3992] Built RamseyLean.Numerics.Core (2.9s)
warning: RamseyLean/Numerics/Core.lean:94:25: Used `tac1 <;> tac2` where `(tac1; tac2)` would suffice

Note: This linter can be disabled with `set_option linter.unnecessarySeqFocus false`
warning: RamseyLean/Numerics/Core.lean:156:51: Used `tac1 <;> tac2` where `(tac1; tac2)` would suffice

Note: This linter can be disabled with `set_option linter.unnecessarySeqFocus false`
✔ [3418/3992] Built RamseyLean.BlueBook (19s)
✔ [3419/3992] Built RamseyLean.BookInduction (11s)
✔ [3420/3992] Built RamseyLean.Descent (13s)
✔ [3421/3992] Built RamseyLean.Bootstrap.Defs (2.1s)
✔ [3422/3992] Built RamseyLean.Bootstrap2.Defs (2.2s)
✔ [3423/3992] Built RamseyLean.SelfConsistent (3.1s)
✔ [3424/3992] Built RamseyLean.Bootstrap2.Cover (2.0s)
✔ [3425/3992] Built RamseyLean.Bootstrap.Analytic (2.9s)
✔ [3426/3992] Built RamseyLean.Bootstrap2.Spline (3.7s)
✔ [3427/3992] Built RamseyLean.Bootstrap.Reduction (2.2s)
✔ [3428/3992] Built RamseyLean.Bootstrap2.Glue (1.0s)
ℹ [3429/3992] Built RamseyLean.Bootstrap.CertCheck (3.7s)
info: RamseyLean/Bootstrap/CertCheck.lean:825:0: { lo := 1327542174938, hi := 1327542175013 }
info: RamseyLean/Bootstrap/CertCheck.lean:826:0: { lo := 761480418862, hi := 761480418902 }
info: RamseyLean/Bootstrap/CertCheck.lean:827:0: true
info: RamseyLean/Bootstrap/CertCheck.lean:828:0: true
info: RamseyLean/Bootstrap/CertCheck.lean:829:0: true
✔ [3430/3992] Built RamseyLean.Bootstrap2.Check (10s)
✔ [3431/3992] Built RamseyLean.Bootstrap2.Main2 (2.8s)
✔ [3432/3992] Built RamseyLean.Bootstrap2.CertData2.Chunk559 (33s)
✔ [3433/3992] Built RamseyLean.Bootstrap2.CertData2.Chunk549 (38s)
✔ [3434/3992] Built RamseyLean.Bootstrap2.CertData2.Chunk558 (38s)
✔ [3435/3992] Built RamseyLean.Bootstrap2.CertData2.Chunk550 (38s)
✔ [3436/3992] Built RamseyLean.Bootstrap2.CertData2.Chunk557 (38s)
✔ [3437/3992] Built RamseyLean.Bootstrap2.CertData2.Chunk551 (38s)
✔ [3438/3992] Built RamseyLean.Bootstrap2.CertData2.Chunk552 (39s)
✔ [3439/3992] Built RamseyLean.Bootstrap2.CertData2.Chunk555 (39s)
✔ [3440/3992] Built RamseyLean.Bootstrap2.CertData2.Chunk545 (39s)
✔ [3441/3992] Built RamseyLean.Bootstrap2.CertData2.Chunk556 (39s)
✔ [3442/3992] Built RamseyLean.Bootstrap2.CertData2.Chunk548 (39s)
✔ [3443/3992] Built RamseyLean.Bootstrap2.CertData2.Chunk553 (39s)
✔ [3444/3992] Built RamseyLean.Bootstrap2.CertData2.Chunk554 (39s)
✔ [3445/3992] Built RamseyLean.Bootstrap2.CertData2.Chunk546 (39s)
✔ [3446/3992] Built RamseyLean.Bootstrap2.CertData2.Chunk547 (39s)
✔ [3447/3992] Built RamseyLean.Bootstrap2.CertData2.Chunk544 (39s)
✔ [3448/3992] Built RamseyLean.Bootstrap2.CertData2.Chunk543 (38s)
✔ [3449/3992] Built RamseyLean.Bootstrap2.CertData2.Chunk541 (38s)
✔ [3450/3992] Built RamseyLean.Bootstrap2.CertData2.Chunk542 (38s)
✔ [3451/3992] Built RamseyLean.Bootstrap2.CertData2.Chunk535 (38s)
✔ [3452/3992] Built RamseyLean.Bootstrap2.CertData2.Chunk534 (38s)
✔ [3453/3992] Built RamseyLean.Bootstrap2.CertData2.Chunk540 (39s)
✔ [3454/3992] Built RamseyLean.Bootstrap2.CertData2.Chunk538 (38s)
✔ [3455/3992] Built RamseyLean.Bootstrap2.CertData2.Chunk537 (39s)
✔ [3456/3992] Built RamseyLean.Bootstrap2.CertData2.Chunk532 (38s)
✔ [3457/3992] Built RamseyLean.Bootstrap2.CertData2.Chunk536 (39s)
✔ [3458/3992] Built RamseyLean.Bootstrap2.CertData2.Chunk539 (39s)
✔ [3459/3992] Built RamseyLean.Bootstrap2.CertData2.Chunk531 (38s)
✔ [3460/3992] Built RamseyLean.Bootstrap2.CertData2.Chunk530 (39s)
✔ [3461/3992] Built RamseyLean.Bootstrap2.CertData2.Chunk529 (39s)
✔ [3462/3992] Built RamseyLean.Bootstrap2.CertData2.Chunk533 (40s)
✔ [3463/3992] Built RamseyLean.Bootstrap2.CertData2.Chunk528 (42s)
✔ [3464/3992] Built RamseyLean.Bootstrap2.CertData2.Chunk527 (38s)
✔ [3465/3992] Built RamseyLean.Bootstrap2.CertData2.Chunk526 (38s)
✔ [3466/3992] Built RamseyLean.Bootstrap2.CertData2.Chunk525 (38s)
✔ [3467/3992] Built RamseyLean.Bootstrap2.CertData2.Chunk519 (38s)
✔ [3468/3992] Built RamseyLean.Bootstrap2.CertData2.Chunk520 (38s)
✔ [3469/3992] Built RamseyLean.Bootstrap2.CertData2.Chunk518 (38s)
✔ [3470/3992] Built RamseyLean.Bootstrap2.CertData2.Chunk524 (39s)
✔ [3471/3992] Built RamseyLean.Bootstrap2.CertData2.Chunk522 (39s)
✔ [3472/3992] Built RamseyLean.Bootstrap2.CertData2.Chunk523 (39s)
✔ [3473/3992] Built RamseyLean.Bootstrap2.CertData2.Chunk517 (39s)
✔ [3474/3992] Built RamseyLean.Bootstrap2.CertData2.Chunk516 (39s)
✔ [3475/3992] Built RamseyLean.Bootstrap2.CertData2.Chunk515 (39s)
✔ [3476/3992] Built RamseyLean.Bootstrap2.CertData2.Chunk514 (39s)
✔ [3477/3992] Built RamseyLean.Bootstrap2.CertData2.Chunk513 (39s)
✔ [3478/3992] Built RamseyLean.Bootstrap2.CertData2.Chunk521 (42s)
✔ [3479/3992] Built RamseyLean.Bootstrap2.CertData2.Chunk512 (38s)
✔ [3480/3992] Built RamseyLean.Bootstrap2.CertData2.Chunk511 (38s)
✔ [3481/3992] Built RamseyLean.Bootstrap2.CertData2.Chunk510 (38s)
✔ [3482/3992] Built RamseyLean.Bootstrap2.CertData2.Chunk504 (38s)
✔ [3483/3992] Built RamseyLean.Bootstrap2.CertData2.Chunk505 (38s)
✔ [3484/3992] Built RamseyLean.Bootstrap2.CertData2.Chunk503 (38s)
✔ [3485/3992] Built RamseyLean.Bootstrap2.CertData2.Chunk506 (39s)
✔ [3486/3992] Built RamseyLean.Bootstrap2.CertData2.Chunk508 (39s)
✔ [3487/3992] Built RamseyLean.Bootstrap2.CertData2.Chunk507 (39s)
✔ [3488/3992] Built RamseyLean.Bootstrap2.CertData2.Chunk502 (39s)
✔ [3489/3992] Built RamseyLean.Bootstrap2.CertData2.Chunk500 (38s)
✔ [3490/3992] Built RamseyLean.Bootstrap2.CertData2.Chunk498 (37s)
✔ [3491/3992] Built RamseyLean.Bootstrap2.CertData2.Chunk501 (39s)
✔ [3492/3992] Built RamseyLean.Bootstrap2.CertData2.Chunk509 (41s)
✔ [3493/3992] Built RamseyLean.Bootstrap2.CertData2.Chunk497 (37s)
✔ [3494/3992] Built RamseyLean.Bootstrap2.CertData2.Chunk496 (38s)
✔ [3495/3992] Built RamseyLean.Bootstrap2.CertData2.Chunk499 (42s)
✔ [3496/3992] Built RamseyLean.Bootstrap2.CertData2.Chunk495 (38s)
✔ [3497/3992] Built RamseyLean.Bootstrap2.CertData2.Chunk494 (38s)
✔ [3498/3992] Built RamseyLean.Bootstrap2.CertData2.Chunk491 (37s)
✔ [3499/3992] Built RamseyLean.Bootstrap2.CertData2.Chunk493 (38s)
✔ [3500/3992] Built RamseyLean.Bootstrap2.CertData2.Chunk490 (37s)
✔ [3501/3992] Built RamseyLean.Bootstrap2.CertData2.Chunk492 (38s)
✔ [3502/3992] Built RamseyLean.Bootstrap2.CertData2.Chunk489 (38s)
✔ [3503/3992] Built RamseyLean.Bootstrap2.CertData2.Chunk488 (38s)
✔ [3504/3992] Built RamseyLean.Bootstrap2.CertData2.Chunk484 (37s)
✔ [3505/3992] Built RamseyLean.Bootstrap2.CertData2.Chunk485 (37s)
✔ [3506/3992] Built RamseyLean.Bootstrap2.CertData2.Chunk483 (38s)
✔ [3507/3992] Built RamseyLean.Bootstrap2.CertData2.Chunk486 (38s)
✔ [3508/3992] Built RamseyLean.Bootstrap2.CertData2.Chunk482 (38s)
✔ [3509/3992] Built RamseyLean.Bootstrap2.CertData2.Chunk487 (41s)
✔ [3510/3992] Built RamseyLean.Bootstrap2.CertData2.Chunk481 (38s)
✔ [3511/3992] Built RamseyLean.Bootstrap2.CertData2.Chunk480 (42s)
✔ [3512/3992] Built RamseyLean.Bootstrap2.CertData2.Chunk479 (38s)
✔ [3513/3992] Built RamseyLean.Bootstrap2.CertData2.Chunk478 (37s)
✔ [3514/3992] Built RamseyLean.Bootstrap2.CertData2.Chunk477 (37s)
✔ [3515/3992] Built RamseyLean.Bootstrap2.CertData2.Chunk472 (37s)
✔ [3516/3992] Built RamseyLean.Bootstrap2.CertData2.Chunk476 (38s)
✔ [3517/3992] Built RamseyLean.Bootstrap2.CertData2.Chunk475 (38s)
✔ [3518/3992] Built RamseyLean.Bootstrap2.CertData2.Chunk473 (38s)
✔ [3519/3992] Built RamseyLean.Bootstrap2.CertData2.Chunk474 (38s)
✔ [3520/3992] Built RamseyLean.Bootstrap2.CertData2.Chunk471 (38s)
✔ [3521/3992] Built RamseyLean.Bootstrap2.CertData2.Chunk470 (38s)
✔ [3522/3992] Built RamseyLean.Bootstrap2.CertData2.Chunk469 (38s)
✔ [3523/3992] Built RamseyLean.Bootstrap2.CertData2.Chunk468 (38s)
✔ [3524/3992] Built RamseyLean.Bootstrap2.CertData2.Chunk467 (38s)
✔ [3525/3992] Built RamseyLean.Bootstrap2.CertData2.Chunk466 (38s)
✔ [3526/3992] Built RamseyLean.Bootstrap2.CertData2.Chunk465 (38s)
✔ [3527/3992] Built RamseyLean.Bootstrap2.CertData2.Chunk464 (38s)
✔ [3528/3992] Built RamseyLean.Bootstrap2.CertData2.Chunk463 (38s)
✔ [3529/3992] Built RamseyLean.Bootstrap2.CertData2.Chunk462 (38s)
✔ [3530/3992] Built RamseyLean.Bootstrap2.CertData2.Chunk461 (38s)
✔ [3531/3992] Built RamseyLean.Bootstrap2.CertData2.Chunk459 (38s)
✔ [3532/3992] Built RamseyLean.Bootstrap2.CertData2.Chunk458 (38s)
✔ [3533/3992] Built RamseyLean.Bootstrap2.CertData2.Chunk454 (37s)
✔ [3534/3992] Built RamseyLean.Bootstrap2.CertData2.Chunk457 (38s)
✔ [3535/3992] Built RamseyLean.Bootstrap2.CertData2.Chunk453 (37s)
✔ [3536/3992] Built RamseyLean.Bootstrap2.CertData2.Chunk455 (38s)
✔ [3537/3992] Built RamseyLean.Bootstrap2.CertData2.Chunk456 (38s)
✔ [3538/3992] Built RamseyLean.Bootstrap2.CertData2.Chunk452 (38s)
✔ [3539/3992] Built RamseyLean.Bootstrap2.CertData2.Chunk460 (40s)
✔ [3540/3992] Built RamseyLean.Bootstrap2.CertData2.Chunk451 (38s)
✔ [3541/3992] Built RamseyLean.Bootstrap2.CertData2.Chunk450 (38s)
✔ [3542/3992] Built RamseyLean.Bootstrap2.CertData2.Chunk449 (38s)
✔ [3543/3992] Built RamseyLean.Bootstrap2.CertData2.Chunk448 (38s)
✔ [3544/3992] Built RamseyLean.Bootstrap2.CertData2.Chunk447 (38s)
✔ [3545/3992] Built RamseyLean.Bootstrap2.CertData2.Chunk446 (38s)
✔ [3546/3992] Built RamseyLean.Bootstrap2.CertData2.Chunk443 (37s)
✔ [3547/3992] Built RamseyLean.Bootstrap2.CertData2.Chunk445 (38s)
✔ [3548/3992] Built RamseyLean.Bootstrap2.CertData2.Chunk442 (37s)
✔ [3549/3992] Built RamseyLean.Bootstrap2.CertData2.Chunk444 (39s)
✔ [3550/3992] Built RamseyLean.Bootstrap2.CertData2.Chunk438 (38s)
✔ [3551/3992] Built RamseyLean.Bootstrap2.CertData2.Chunk440 (38s)
✔ [3552/3992] Built RamseyLean.Bootstrap2.CertData2.Chunk439 (38s)
✔ [3553/3992] Built RamseyLean.Bootstrap2.CertData2.Chunk441 (39s)
✔ [3554/3992] Built RamseyLean.Bootstrap2.CertData2.Chunk436 (38s)
✔ [3555/3992] Built RamseyLean.Bootstrap2.CertData2.Chunk434 (38s)
✔ [3556/3992] Built RamseyLean.Bootstrap2.CertData2.Chunk435 (38s)
✔ [3557/3992] Built RamseyLean.Bootstrap2.CertData2.Chunk433 (38s)
✔ [3558/3992] Built RamseyLean.Bootstrap2.CertData2.Chunk437 (42s)
✔ [3559/3992] Built RamseyLean.Bootstrap2.CertData2.Chunk432 (37s)
✔ [3560/3992] Built RamseyLean.Bootstrap2.CertData2.Chunk431 (38s)
✔ [3561/3992] Built RamseyLean.Bootstrap2.CertData2.Chunk430 (38s)
✔ [3562/3992] Built RamseyLean.Bootstrap2.CertData2.Chunk429 (38s)
✔ [3563/3992] Built RamseyLean.Bootstrap2.CertData2.Chunk426 (37s)
✔ [3564/3992] Built RamseyLean.Bootstrap2.CertData2.Chunk427 (38s)
✔ [3565/3992] Built RamseyLean.Bootstrap2.CertData2.Chunk428 (38s)
✔ [3566/3992] Built RamseyLean.Bootstrap2.CertData2.Chunk425 (38s)
✔ [3567/3992] Built RamseyLean.Bootstrap2.CertData2.Chunk424 (38s)
✔ [3568/3992] Built RamseyLean.Bootstrap2.CertData2.Chunk421 (38s)
✔ [3569/3992] Built RamseyLean.Bootstrap2.CertData2.Chunk422 (38s)
✔ [3570/3992] Built RamseyLean.Bootstrap2.CertData2.Chunk423 (38s)
✔ [3571/3992] Built RamseyLean.Bootstrap2.CertData2.Chunk420 (38s)
✔ [3572/3992] Built RamseyLean.Bootstrap2.CertData2.Chunk419 (38s)
✔ [3573/3992] Built RamseyLean.Bootstrap2.CertData2.Chunk418 (38s)
✔ [3574/3992] Built RamseyLean.Bootstrap2.CertData2.Chunk417 (38s)
✔ [3575/3992] Built RamseyLean.Bootstrap2.CertData2.Chunk416 (37s)
✔ [3576/3992] Built RamseyLean.Bootstrap2.CertData2.Chunk415 (38s)
✔ [3577/3992] Built RamseyLean.Bootstrap2.CertData2.Chunk414 (38s)
✔ [3578/3992] Built RamseyLean.Bootstrap2.CertData2.Chunk413 (38s)
✔ [3579/3992] Built RamseyLean.Bootstrap2.CertData2.Chunk410 (38s)
✔ [3580/3992] Built RamseyLean.Bootstrap2.CertData2.Chunk412 (38s)
✔ [3581/3992] Built RamseyLean.Bootstrap2.CertData2.Chunk409 (37s)
✔ [3582/3992] Built RamseyLean.Bootstrap2.CertData2.Chunk411 (38s)
✔ [3583/3992] Built RamseyLean.Bootstrap2.CertData2.Chunk407 (38s)
✔ [3584/3992] Built RamseyLean.Bootstrap2.CertData2.Chunk405 (38s)
✔ [3585/3992] Built RamseyLean.Bootstrap2.CertData2.Chunk408 (38s)
✔ [3586/3992] Built RamseyLean.Bootstrap2.CertData2.Chunk406 (38s)
✔ [3587/3992] Built RamseyLean.Bootstrap2.CertData2.Chunk404 (37s)
✔ [3588/3992] Built RamseyLean.Bootstrap2.CertData2.Chunk403 (38s)
✔ [3589/3992] Built RamseyLean.Bootstrap2.CertData2.Chunk402 (38s)
✔ [3590/3992] Built RamseyLean.Bootstrap2.CertData2.Chunk401 (38s)
✔ [3591/3992] Built RamseyLean.Bootstrap2.CertData2.Chunk400 (38s)
✔ [3592/3992] Built RamseyLean.Bootstrap2.CertData2.Chunk399 (37s)
✔ [3593/3992] Built RamseyLean.Bootstrap2.CertData2.Chunk398 (37s)
✔ [3594/3992] Built RamseyLean.Bootstrap2.CertData2.Chunk396 (38s)
✔ [3595/3992] Built RamseyLean.Bootstrap2.CertData2.Chunk397 (38s)
✔ [3596/3992] Built RamseyLean.Bootstrap2.CertData2.Chunk393 (37s)
✔ [3597/3992] Built RamseyLean.Bootstrap2.CertData2.Chunk395 (38s)
✔ [3598/3992] Built RamseyLean.Bootstrap2.CertData2.Chunk392 (37s)
✔ [3599/3992] Built RamseyLean.Bootstrap2.CertData2.Chunk394 (38s)
✔ [3600/3992] Built RamseyLean.Bootstrap2.CertData2.Chunk391 (38s)
✔ [3601/3992] Built RamseyLean.Bootstrap2.CertData2.Chunk389 (38s)
✔ [3602/3992] Built RamseyLean.Bootstrap2.CertData2.Chunk390 (38s)
✔ [3603/3992] Built RamseyLean.Bootstrap2.CertData2.Chunk388 (37s)
✔ [3604/3992] Built RamseyLean.Bootstrap2.CertData2.Chunk387 (38s)
✔ [3605/3992] Built RamseyLean.Bootstrap2.CertData2.Chunk386 (38s)
✔ [3606/3992] Built RamseyLean.Bootstrap2.CertData2.Chunk385 (38s)
✔ [3607/3992] Built RamseyLean.Bootstrap2.CertData2.Chunk384 (38s)
✔ [3608/3992] Built RamseyLean.Bootstrap2.CertData2.Chunk383 (38s)
✔ [3609/3992] Built RamseyLean.Bootstrap2.CertData2.Chunk382 (37s)
✔ [3610/3992] Built RamseyLean.Bootstrap2.CertData2.Chunk381 (38s)
✔ [3611/3992] Built RamseyLean.Bootstrap2.CertData2.Chunk380 (38s)
✔ [3612/3992] Built RamseyLean.Bootstrap2.CertData2.Chunk379 (38s)
✔ [3613/3992] Built RamseyLean.Bootstrap2.CertData2.Chunk378 (38s)
✔ [3614/3992] Built RamseyLean.Bootstrap2.CertData2.Chunk377 (38s)
✔ [3615/3992] Built RamseyLean.Bootstrap2.CertData2.Chunk376 (38s)
✔ [3616/3992] Built RamseyLean.Bootstrap2.CertData2.Chunk375 (38s)
✔ [3617/3992] Built RamseyLean.Bootstrap2.CertData2.Chunk372 (37s)
✔ [3618/3992] Built RamseyLean.Bootstrap2.CertData2.Chunk373 (38s)
✔ [3619/3992] Built RamseyLean.Bootstrap2.CertData2.Chunk374 (38s)
✔ [3620/3992] Built RamseyLean.Bootstrap2.CertData2.Chunk371 (37s)
✔ [3621/3992] Built RamseyLean.Bootstrap2.CertData2.Chunk370 (38s)
✔ [3622/3992] Built RamseyLean.Bootstrap2.CertData2.Chunk369 (38s)
✔ [3623/3992] Built RamseyLean.Bootstrap2.CertData2.Chunk368 (38s)
✔ [3624/3992] Built RamseyLean.Bootstrap2.CertData2.Chunk367 (37s)
✔ [3625/3992] Built RamseyLean.Bootstrap2.CertData2.Chunk366 (38s)
✔ [3626/3992] Built RamseyLean.Bootstrap2.CertData2.Chunk365 (38s)
✔ [3627/3992] Built RamseyLean.Bootstrap2.CertData2.Chunk361 (37s)
✔ [3628/3992] Built RamseyLean.Bootstrap2.CertData2.Chunk364 (38s)
✔ [3629/3992] Built RamseyLean.Bootstrap2.CertData2.Chunk363 (38s)
✔ [3630/3992] Built RamseyLean.Bootstrap2.CertData2.Chunk360 (37s)
✔ [3631/3992] Built RamseyLean.Bootstrap2.CertData2.Chunk362 (38s)
✔ [3632/3992] Built RamseyLean.Bootstrap2.CertData2.Chunk359 (38s)
✔ [3633/3992] Built RamseyLean.Bootstrap2.CertData2.Chunk356 (37s)
✔ [3634/3992] Built RamseyLean.Bootstrap2.CertData2.Chunk358 (37s)
✔ [3635/3992] Built RamseyLean.Bootstrap2.CertData2.Chunk357 (38s)
✔ [3636/3992] Built RamseyLean.Bootstrap2.CertData2.Chunk355 (37s)
✔ [3637/3992] Built RamseyLean.Bootstrap2.CertData2.Chunk354 (38s)
✔ [3638/3992] Built RamseyLean.Bootstrap2.CertData2.Chunk353 (38s)
✔ [3639/3992] Built RamseyLean.Bootstrap2.CertData2.Chunk352 (38s)
✔ [3640/3992] Built RamseyLean.Bootstrap2.CertData2.Chunk351 (38s)
✔ [3641/3992] Built RamseyLean.Bootstrap2.CertData2.Chunk350 (39s)
✔ [3642/3992] Built RamseyLean.Bootstrap2.CertData2.Chunk349 (37s)
✔ [3643/3992] Built RamseyLean.Bootstrap2.CertData2.Chunk345 (37s)
✔ [3644/3992] Built RamseyLean.Bootstrap2.CertData2.Chunk347 (38s)
✔ [3645/3992] Built RamseyLean.Bootstrap2.CertData2.Chunk346 (38s)
✔ [3646/3992] Built RamseyLean.Bootstrap2.CertData2.Chunk348 (38s)
✔ [3647/3992] Built RamseyLean.Bootstrap2.CertData2.Chunk341 (37s)
✔ [3648/3992] Built RamseyLean.Bootstrap2.CertData2.Chunk342 (38s)
✔ [3649/3992] Built RamseyLean.Bootstrap2.CertData2.Chunk340 (37s)
✔ [3650/3992] Built RamseyLean.Bootstrap2.CertData2.Chunk339 (38s)
✔ [3651/3992] Built RamseyLean.Bootstrap2.CertData2.Chunk344 (40s)
✔ [3652/3992] Built RamseyLean.Bootstrap2.CertData2.Chunk343 (41s)
✔ [3653/3992] Built RamseyLean.Bootstrap2.CertData2.Chunk338 (38s)
✔ [3654/3992] Built RamseyLean.Bootstrap2.CertData2.Chunk337 (38s)
✔ [3655/3992] Built RamseyLean.Bootstrap2.CertData2.Chunk336 (38s)
✔ [3656/3992] Built RamseyLean.Bootstrap2.CertData2.Chunk335 (37s)
✔ [3657/3992] Built RamseyLean.Bootstrap2.CertData2.Chunk334 (37s)
✔ [3658/3992] Built RamseyLean.Bootstrap2.CertData2.Chunk330 (37s)
✔ [3659/3992] Built RamseyLean.Bootstrap2.CertData2.Chunk333 (38s)
✔ [3660/3992] Built RamseyLean.Bootstrap2.CertData2.Chunk332 (38s)
✔ [3661/3992] Built RamseyLean.Bootstrap2.CertData2.Chunk331 (38s)
✔ [3662/3992] Built RamseyLean.Bootstrap2.CertData2.Chunk328 (38s)
✔ [3663/3992] Built RamseyLean.Bootstrap2.CertData2.Chunk325 (37s)
✔ [3664/3992] Built RamseyLean.Bootstrap2.CertData2.Chunk324 (37s)
✔ [3665/3992] Built RamseyLean.Bootstrap2.CertData2.Chunk327 (38s)
✔ [3666/3992] Built RamseyLean.Bootstrap2.CertData2.Chunk326 (38s)
✔ [3667/3992] Built RamseyLean.Bootstrap2.CertData2.Chunk323 (38s)
✔ [3668/3992] Built RamseyLean.Bootstrap2.CertData2.Chunk329 (42s)
✔ [3669/3992] Built RamseyLean.Bootstrap2.CertData2.Chunk322 (38s)
✔ [3670/3992] Built RamseyLean.Bootstrap2.CertData2.Chunk321 (38s)
✔ [3671/3992] Built RamseyLean.Bootstrap2.CertData2.Chunk320 (37s)
✔ [3672/3992] Built RamseyLean.Bootstrap2.CertData2.Chunk319 (38s)
✔ [3673/3992] Built RamseyLean.Bootstrap2.CertData2.Chunk314 (37s)
✔ [3674/3992] Built RamseyLean.Bootstrap2.CertData2.Chunk317 (38s)
✔ [3675/3992] Built RamseyLean.Bootstrap2.CertData2.Chunk316 (38s)
✔ [3676/3992] Built RamseyLean.Bootstrap2.CertData2.Chunk318 (40s)
✔ [3677/3992] Built RamseyLean.Bootstrap2.CertData2.Chunk313 (38s)
✔ [3678/3992] Built RamseyLean.Bootstrap2.CertData2.Chunk315 (39s)
✔ [3679/3992] Built RamseyLean.Bootstrap2.CertData2.Chunk310 (37s)
✔ [3680/3992] Built RamseyLean.Bootstrap2.CertData2.Chunk312 (38s)
✔ [3681/3992] Built RamseyLean.Bootstrap2.CertData2.Chunk309 (37s)
✔ [3682/3992] Built RamseyLean.Bootstrap2.CertData2.Chunk311 (39s)
✔ [3683/3992] Built RamseyLean.Bootstrap2.CertData2.Chunk307 (38s)
✔ [3684/3992] Built RamseyLean.Bootstrap2.CertData2.Chunk308 (39s)
✔ [3685/3992] Built RamseyLean.Bootstrap2.CertData2.Chunk306 (37s)
✔ [3686/3992] Built RamseyLean.Bootstrap2.CertData2.Chunk305 (37s)
✔ [3687/3992] Built RamseyLean.Bootstrap2.CertData2.Chunk304 (37s)
✔ [3688/3992] Built RamseyLean.Bootstrap2.CertData2.Chunk303 (38s)
✔ [3689/3992] Built RamseyLean.Bootstrap2.CertData2.Chunk300 (37s)
✔ [3690/3992] Built RamseyLean.Bootstrap2.CertData2.Chunk301 (37s)
✔ [3691/3992] Built RamseyLean.Bootstrap2.CertData2.Chunk302 (38s)
✔ [3692/3992] Built RamseyLean.Bootstrap2.CertData2.Chunk299 (38s)
✔ [3693/3992] Built RamseyLean.Bootstrap2.CertData2.Chunk295 (37s)
✔ [3694/3992] Built RamseyLean.Bootstrap2.CertData2.Chunk296 (37s)
✔ [3695/3992] Built RamseyLean.Bootstrap2.CertData2.Chunk298 (38s)
✔ [3696/3992] Built RamseyLean.Bootstrap2.CertData2.Chunk297 (38s)
✔ [3697/3992] Built RamseyLean.Bootstrap2.CertData2.Chunk294 (37s)
✔ [3698/3992] Built RamseyLean.Bootstrap2.CertData2.Chunk293 (38s)
✔ [3699/3992] Built RamseyLean.Bootstrap2.CertData2.Chunk291 (37s)
✔ [3700/3992] Built RamseyLean.Bootstrap2.CertData2.Chunk292 (37s)
✔ [3701/3992] Built RamseyLean.Bootstrap2.CertData2.Chunk290 (37s)
✔ [3702/3992] Built RamseyLean.Bootstrap2.CertData2.Chunk289 (38s)
✔ [3703/3992] Built RamseyLean.Bootstrap2.CertData2.Chunk288 (38s)
✔ [3704/3992] Built RamseyLean.Bootstrap2.CertData2.Chunk287 (37s)
✔ [3705/3992] Built RamseyLean.Bootstrap2.CertData2.Chunk286 (37s)
✔ [3706/3992] Built RamseyLean.Bootstrap2.CertData2.Chunk285 (38s)
✔ [3707/3992] Built RamseyLean.Bootstrap2.CertData2.Chunk284 (38s)
✔ [3708/3992] Built RamseyLean.Bootstrap2.CertData2.Chunk283 (37s)
✔ [3709/3992] Built RamseyLean.Bootstrap2.CertData2.Chunk282 (37s)
✔ [3710/3992] Built RamseyLean.Bootstrap2.CertData2.Chunk281 (38s)
✔ [3711/3992] Built RamseyLean.Bootstrap2.CertData2.Chunk280 (38s)
✔ [3712/3992] Built RamseyLean.Bootstrap2.CertData2.Chunk278 (37s)
✔ [3713/3992] Built RamseyLean.Bootstrap2.CertData2.Chunk279 (38s)
✔ [3714/3992] Built RamseyLean.Bootstrap2.CertData2.Chunk277 (37s)
✔ [3715/3992] Built RamseyLean.Bootstrap2.CertData2.Chunk276 (37s)
✔ [3716/3992] Built RamseyLean.Bootstrap2.CertData2.Chunk274 (38s)
✔ [3717/3992] Built RamseyLean.Bootstrap2.CertData2.Chunk275 (38s)
✔ [3718/3992] Built RamseyLean.Bootstrap2.CertData2.Chunk273 (37s)
✔ [3719/3992] Built RamseyLean.Bootstrap2.CertData2.Chunk272 (37s)
✔ [3720/3992] Built RamseyLean.Bootstrap2.CertData2.Chunk271 (37s)
✔ [3721/3992] Built RamseyLean.Bootstrap2.CertData2.Chunk270 (37s)
✔ [3722/3992] Built RamseyLean.Bootstrap2.CertData2.Chunk269 (38s)
✔ [3723/3992] Built RamseyLean.Bootstrap2.CertData2.Chunk267 (37s)
✔ [3724/3992] Built RamseyLean.Bootstrap2.CertData2.Chunk268 (37s)
✔ [3725/3992] Built RamseyLean.Bootstrap2.CertData2.Chunk266 (38s)
✔ [3726/3992] Built RamseyLean.Bootstrap2.CertData2.Chunk263 (37s)
✔ [3727/3992] Built RamseyLean.Bootstrap2.CertData2.Chunk264 (37s)
✔ [3728/3992] Built RamseyLean.Bootstrap2.CertData2.Chunk265 (38s)
✔ [3729/3992] Built RamseyLean.Bootstrap2.CertData2.Chunk262 (38s)
✔ [3730/3992] Built RamseyLean.Bootstrap2.CertData2.Chunk261 (37s)
✔ [3731/3992] Built RamseyLean.Bootstrap2.CertData2.Chunk258 (37s)
✔ [3732/3992] Built RamseyLean.Bootstrap2.CertData2.Chunk259 (37s)
✔ [3733/3992] Built RamseyLean.Bootstrap2.CertData2.Chunk257 (38s)
✔ [3734/3992] Built RamseyLean.Bootstrap2.CertData2.Chunk256 (37s)
✔ [3735/3992] Built RamseyLean.Bootstrap2.CertData2.Chunk260 (41s)
✔ [3736/3992] Built RamseyLean.Bootstrap2.CertData2.Chunk255 (38s)
✔ [3737/3992] Built RamseyLean.Bootstrap2.CertData2.Chunk254 (37s)
✔ [3738/3992] Built RamseyLean.Bootstrap2.CertData2.Chunk252 (37s)
✔ [3739/3992] Built RamseyLean.Bootstrap2.CertData2.Chunk253 (38s)
✔ [3740/3992] Built RamseyLean.Bootstrap2.CertData2.Chunk251 (38s)
✔ [3741/3992] Built RamseyLean.Bootstrap2.CertData2.Chunk250 (37s)
✔ [3742/3992] Built RamseyLean.Bootstrap2.CertData2.Chunk249 (38s)
✔ [3743/3992] Built RamseyLean.Bootstrap2.CertData2.Chunk247 (38s)
✔ [3744/3992] Built RamseyLean.Bootstrap2.CertData2.Chunk248 (38s)
✔ [3745/3992] Built RamseyLean.Bootstrap2.CertData2.Chunk246 (37s)
✔ [3746/3992] Built RamseyLean.Bootstrap2.CertData2.Chunk245 (38s)
✔ [3747/3992] Built RamseyLean.Bootstrap2.CertData2.Chunk244 (37s)
✔ [3748/3992] Built RamseyLean.Bootstrap2.CertData2.Chunk243 (37s)
✔ [3749/3992] Built RamseyLean.Bootstrap2.CertData2.Chunk242 (37s)
✔ [3750/3992] Built RamseyLean.Bootstrap2.CertData2.Chunk241 (37s)
✔ [3751/3992] Built RamseyLean.Bootstrap2.CertData2.Chunk240 (40s)
✔ [3752/3992] Built RamseyLean.Bootstrap2.CertData2.Chunk239 (37s)
✔ [3753/3992] Built RamseyLean.Bootstrap2.CertData2.Chunk237 (37s)
✔ [3754/3992] Built RamseyLean.Bootstrap2.CertData2.Chunk236 (37s)
✔ [3755/3992] Built RamseyLean.Bootstrap2.CertData2.Chunk235 (37s)
✔ [3756/3992] Built RamseyLean.Bootstrap2.CertData2.Chunk231 (37s)
✔ [3757/3992] Built RamseyLean.Bootstrap2.CertData2.Chunk234 (38s)
✔ [3758/3992] Built RamseyLean.Bootstrap2.CertData2.Chunk233 (37s)
✔ [3759/3992] Built RamseyLean.Bootstrap2.CertData2.Chunk232 (37s)
✔ [3760/3992] Built RamseyLean.Bootstrap2.CertData2.Chunk230 (37s)
✔ [3761/3992] Built RamseyLean.Bootstrap2.CertData2.Chunk238 (41s)
✔ [3762/3992] Built RamseyLean.Bootstrap2.CertData2.Chunk229 (37s)
✔ [3763/3992] Built RamseyLean.Bootstrap2.CertData2.Chunk228 (38s)
✔ [3764/3992] Built RamseyLean.Bootstrap2.CertData2.Chunk226 (38s)
✔ [3765/3992] Built RamseyLean.Bootstrap2.CertData2.Chunk225 (37s)
✔ [3766/3992] Built RamseyLean.Bootstrap2.CertData2.Chunk227 (40s)
✔ [3767/3992] Built RamseyLean.Bootstrap2.CertData2.Chunk224 (38s)
✔ [3768/3992] Built RamseyLean.Bootstrap2.CertData2.Chunk223 (38s)
✔ [3769/3992] Built RamseyLean.Bootstrap2.CertData2.Chunk221 (38s)
✔ [3770/3992] Built RamseyLean.Bootstrap2.CertData2.Chunk222 (38s)
✔ [3771/3992] Built RamseyLean.Bootstrap2.CertData2.Chunk220 (38s)
✔ [3772/3992] Built RamseyLean.Bootstrap2.CertData2.Chunk219 (37s)
✔ [3773/3992] Built RamseyLean.Bootstrap2.CertData2.Chunk217 (38s)
✔ [3774/3992] Built RamseyLean.Bootstrap2.CertData2.Chunk218 (38s)
✔ [3775/3992] Built RamseyLean.Bootstrap2.CertData2.Chunk215 (38s)
✔ [3776/3992] Built RamseyLean.Bootstrap2.CertData2.Chunk216 (38s)
✔ [3777/3992] Built RamseyLean.Bootstrap2.CertData2.Chunk214 (38s)
✔ [3778/3992] Built RamseyLean.Bootstrap2.CertData2.Chunk213 (38s)
✔ [3779/3992] Built RamseyLean.Bootstrap2.CertData2.Chunk212 (37s)
✔ [3780/3992] Built RamseyLean.Bootstrap2.CertData2.Chunk211 (38s)
✔ [3781/3992] Built RamseyLean.Bootstrap2.CertData2.Chunk210 (38s)
✔ [3782/3992] Built RamseyLean.Bootstrap2.CertData2.Chunk209 (38s)
✔ [3783/3992] Built RamseyLean.Bootstrap2.CertData2.Chunk208 (41s)
✔ [3784/3992] Built RamseyLean.Bootstrap2.CertData2.Chunk207 (37s)
✔ [3785/3992] Built RamseyLean.Bootstrap2.CertData2.Chunk205 (38s)
✔ [3786/3992] Built RamseyLean.Bootstrap2.CertData2.Chunk206 (38s)
✔ [3787/3992] Built RamseyLean.Bootstrap2.CertData2.Chunk204 (38s)
✔ [3788/3992] Built RamseyLean.Bootstrap2.CertData2.Chunk203 (38s)
✔ [3789/3992] Built RamseyLean.Bootstrap2.CertData2.Chunk202 (38s)
✔ [3790/3992] Built RamseyLean.Bootstrap2.CertData2.Chunk201 (38s)
✔ [3791/3992] Built RamseyLean.Bootstrap2.CertData2.Chunk200 (38s)
✔ [3792/3992] Built RamseyLean.Bootstrap2.CertData2.Chunk199 (38s)
✔ [3793/3992] Built RamseyLean.Bootstrap2.CertData2.Chunk198 (38s)
✔ [3794/3992] Built RamseyLean.Bootstrap2.CertData2.Chunk197 (38s)
✔ [3795/3992] Built RamseyLean.Bootstrap2.CertData2.Chunk196 (38s)
✔ [3796/3992] Built RamseyLean.Bootstrap2.CertData2.Chunk194 (38s)
✔ [3797/3992] Built RamseyLean.Bootstrap2.CertData2.Chunk193 (40s)
✔ [3798/3992] Built RamseyLean.Bootstrap2.CertData2.Chunk195 (43s)
✔ [3799/3992] Built RamseyLean.Bootstrap2.CertData2.Chunk192 (38s)
✔ [3800/3992] Built RamseyLean.Bootstrap2.CertData2.Chunk191 (38s)
✔ [3801/3992] Built RamseyLean.Bootstrap2.CertData2.Chunk189 (38s)
✔ [3802/3992] Built RamseyLean.Bootstrap2.CertData2.Chunk190 (38s)
✔ [3803/3992] Built RamseyLean.Bootstrap2.CertData2.Chunk188 (38s)
✔ [3804/3992] Built RamseyLean.Bootstrap2.CertData2.Chunk187 (38s)
✔ [3805/3992] Built RamseyLean.Bootstrap2.CertData2.Chunk186 (38s)
✔ [3806/3992] Built RamseyLean.Bootstrap2.CertData2.Chunk185 (38s)
✔ [3807/3992] Built RamseyLean.Bootstrap2.CertData2.Chunk184 (38s)
✔ [3808/3992] Built RamseyLean.Bootstrap2.CertData2.Chunk183 (38s)
✔ [3809/3992] Built RamseyLean.Bootstrap2.CertData2.Chunk181 (38s)
✔ [3810/3992] Built RamseyLean.Bootstrap2.CertData2.Chunk182 (39s)
✔ [3811/3992] Built RamseyLean.Bootstrap2.CertData2.Chunk180 (38s)
✔ [3812/3992] Built RamseyLean.Bootstrap2.CertData2.Chunk179 (38s)
✔ [3813/3992] Built RamseyLean.Bootstrap2.CertData2.Chunk178 (38s)
✔ [3814/3992] Built RamseyLean.Bootstrap2.CertData2.Chunk177 (38s)
✔ [3815/3992] Built RamseyLean.Bootstrap2.CertData2.Chunk176 (38s)
✔ [3816/3992] Built RamseyLean.Bootstrap2.CertData2.Chunk175 (38s)
✔ [3817/3992] Built RamseyLean.Bootstrap2.CertData2.Chunk172 (38s)
✔ [3818/3992] Built RamseyLean.Bootstrap2.CertData2.Chunk173 (38s)
✔ [3819/3992] Built RamseyLean.Bootstrap2.CertData2.Chunk174 (38s)
✔ [3820/3992] Built RamseyLean.Bootstrap2.CertData2.Chunk171 (38s)
✔ [3821/3992] Built RamseyLean.Bootstrap2.CertData2.Chunk170 (38s)
✔ [3822/3992] Built RamseyLean.Bootstrap2.CertData2.Chunk168 (38s)
✔ [3823/3992] Built RamseyLean.Bootstrap2.CertData2.Chunk169 (38s)
✔ [3824/3992] Built RamseyLean.Bootstrap2.CertData2.Chunk167 (38s)
✔ [3825/3992] Built RamseyLean.Bootstrap2.CertData2.Chunk166 (38s)
✔ [3826/3992] Built RamseyLean.Bootstrap2.CertData2.Chunk165 (38s)
✔ [3827/3992] Built RamseyLean.Bootstrap2.CertData2.Chunk164 (38s)
✔ [3828/3992] Built RamseyLean.Bootstrap2.CertData2.Chunk163 (38s)
✔ [3829/3992] Built RamseyLean.Bootstrap2.CertData2.Chunk162 (39s)
✔ [3830/3992] Built RamseyLean.Bootstrap2.CertData2.Chunk161 (38s)
✔ [3831/3992] Built RamseyLean.Bootstrap2.CertData2.Chunk160 (38s)
✔ [3832/3992] Built RamseyLean.Bootstrap2.CertData2.Chunk159 (38s)
✔ [3833/3992] Built RamseyLean.Bootstrap2.CertData2.Chunk156 (37s)
✔ [3834/3992] Built RamseyLean.Bootstrap2.CertData2.Chunk158 (38s)
✔ [3835/3992] Built RamseyLean.Bootstrap2.CertData2.Chunk157 (38s)
✔ [3836/3992] Built RamseyLean.Bootstrap2.CertData2.Chunk155 (38s)
✔ [3837/3992] Built RamseyLean.Bootstrap2.CertData2.Chunk154 (38s)
✔ [3838/3992] Built RamseyLean.Bootstrap2.CertData2.Chunk152 (38s)
✔ [3839/3992] Built RamseyLean.Bootstrap2.CertData2.Chunk153 (38s)
✔ [3840/3992] Built RamseyLean.Bootstrap2.CertData2.Chunk150 (38s)
✔ [3841/3992] Built RamseyLean.Bootstrap2.CertData2.Chunk151 (38s)
✔ [3842/3992] Built RamseyLean.Bootstrap2.CertData2.Chunk149 (38s)
✔ [3843/3992] Built RamseyLean.Bootstrap2.CertData2.Chunk148 (38s)
✔ [3844/3992] Built RamseyLean.Bootstrap2.CertData2.Chunk147 (38s)
✔ [3845/3992] Built RamseyLean.Bootstrap2.CertData2.Chunk146 (38s)
✔ [3846/3992] Built RamseyLean.Bootstrap2.CertData2.Chunk145 (38s)
✔ [3847/3992] Built RamseyLean.Bootstrap2.CertData2.Chunk144 (38s)
✔ [3848/3992] Built RamseyLean.Bootstrap2.CertData2.Chunk143 (37s)
✔ [3849/3992] Built RamseyLean.Bootstrap2.CertData2.Chunk142 (38s)
✔ [3850/3992] Built RamseyLean.Bootstrap2.CertData2.Chunk140 (38s)
✔ [3851/3992] Built RamseyLean.Bootstrap2.CertData2.Chunk139 (38s)
✔ [3852/3992] Built RamseyLean.Bootstrap2.CertData2.Chunk138 (38s)
✔ [3853/3992] Built RamseyLean.Bootstrap2.CertData2.Chunk137 (38s)
✔ [3854/3992] Built RamseyLean.Bootstrap2.CertData2.Chunk141 (40s)
✔ [3855/3992] Built RamseyLean.Bootstrap2.CertData2.Chunk136 (38s)
✔ [3856/3992] Built RamseyLean.Bootstrap2.CertData2.Chunk135 (38s)
✔ [3857/3992] Built RamseyLean.Bootstrap2.CertData2.Chunk134 (38s)
✔ [3858/3992] Built RamseyLean.Bootstrap2.CertData2.Chunk133 (38s)
✔ [3859/3992] Built RamseyLean.Bootstrap2.CertData2.Chunk131 (38s)
✔ [3860/3992] Built RamseyLean.Bootstrap2.CertData2.Chunk132 (42s)
✔ [3861/3992] Built RamseyLean.Bootstrap2.CertData2.Chunk130 (37s)
✔ [3862/3992] Built RamseyLean.Bootstrap2.CertData2.Chunk129 (37s)
✔ [3863/3992] Built RamseyLean.Bootstrap2.CertData2.Chunk128 (37s)
✔ [3864/3992] Built RamseyLean.Bootstrap2.CertData2.Chunk127 (38s)
✔ [3865/3992] Built RamseyLean.Bootstrap2.CertData2.Chunk125 (37s)
✔ [3866/3992] Built RamseyLean.Bootstrap2.CertData2.Chunk126 (38s)
✔ [3867/3992] Built RamseyLean.Bootstrap2.CertData2.Chunk124 (38s)
✔ [3868/3992] Built RamseyLean.Bootstrap2.CertData2.Chunk123 (37s)
✔ [3869/3992] Built RamseyLean.Bootstrap2.CertData2.Chunk121 (37s)
✔ [3870/3992] Built RamseyLean.Bootstrap2.CertData2.Chunk122 (38s)
✔ [3871/3992] Built RamseyLean.Bootstrap2.CertData2.Chunk120 (38s)
✔ [3872/3992] Built RamseyLean.Bootstrap2.CertData2.Chunk119 (38s)
✔ [3873/3992] Built RamseyLean.Bootstrap2.CertData2.Chunk118 (38s)
✔ [3874/3992] Built RamseyLean.Bootstrap2.CertData2.Chunk117 (38s)
✔ [3875/3992] Built RamseyLean.Bootstrap2.CertData2.Chunk116 (38s)
✔ [3876/3992] Built RamseyLean.Bootstrap2.CertData2.Chunk115 (37s)
✔ [3877/3992] Built RamseyLean.Bootstrap2.CertData2.Chunk114 (37s)
✔ [3878/3992] Built RamseyLean.Bootstrap2.CertData2.Chunk113 (37s)
✔ [3879/3992] Built RamseyLean.Bootstrap2.CertData2.Chunk112 (37s)
✔ [3880/3992] Built RamseyLean.Bootstrap2.CertData2.Chunk111 (37s)
✔ [3881/3992] Built RamseyLean.Bootstrap2.CertData2.Chunk110 (37s)
✔ [3882/3992] Built RamseyLean.Bootstrap2.CertData2.Chunk109 (37s)
✔ [3883/3992] Built RamseyLean.Bootstrap2.CertData2.Chunk107 (37s)
✔ [3884/3992] Built RamseyLean.Bootstrap2.CertData2.Chunk108 (38s)
✔ [3885/3992] Built RamseyLean.Bootstrap2.CertData2.Chunk105 (37s)
✔ [3886/3992] Built RamseyLean.Bootstrap2.CertData2.Chunk106 (38s)
✔ [3887/3992] Built RamseyLean.Bootstrap2.CertData2.Chunk104 (37s)
✔ [3888/3992] Built RamseyLean.Bootstrap2.CertData2.Chunk103 (37s)
✔ [3889/3992] Built RamseyLean.Bootstrap2.CertData2.Chunk101 (37s)
✔ [3890/3992] Built RamseyLean.Bootstrap2.CertData2.Chunk102 (37s)
✔ [3891/3992] Built RamseyLean.Bootstrap2.CertData2.Chunk100 (37s)
✔ [3892/3992] Built RamseyLean.Bootstrap2.CertData2.Chunk099 (37s)
✔ [3893/3992] Built RamseyLean.Bootstrap2.CertData2.Chunk098 (37s)
✔ [3894/3992] Built RamseyLean.Bootstrap2.CertData2.Chunk097 (37s)
✔ [3895/3992] Built RamseyLean.Bootstrap2.CertData2.Chunk096 (37s)
✔ [3896/3992] Built RamseyLean.Bootstrap2.CertData2.Chunk095 (42s)
✔ [3897/3992] Built RamseyLean.Bootstrap2.CertData2.Chunk094 (37s)
✔ [3898/3992] Built RamseyLean.Bootstrap2.CertData2.Chunk093 (38s)
✔ [3899/3992] Built RamseyLean.Bootstrap2.CertData2.Chunk091 (38s)
✔ [3900/3992] Built RamseyLean.Bootstrap2.CertData2.Chunk090 (38s)
✔ [3901/3992] Built RamseyLean.Bootstrap2.CertData2.Chunk088 (37s)
✔ [3902/3992] Built RamseyLean.Bootstrap2.CertData2.Chunk089 (38s)
✔ [3903/3992] Built RamseyLean.Bootstrap2.CertData2.Chunk087 (38s)
✔ [3904/3992] Built RamseyLean.Bootstrap2.CertData2.Chunk086 (38s)
✔ [3905/3992] Built RamseyLean.Bootstrap2.CertData2.Chunk085 (38s)
✔ [3906/3992] Built RamseyLean.Bootstrap2.CertData2.Chunk092 (41s)
✔ [3907/3992] Built RamseyLean.Bootstrap2.CertData2.Chunk084 (38s)
✔ [3908/3992] Built RamseyLean.Bootstrap2.CertData2.Chunk083 (38s)
✔ [3909/3992] Built RamseyLean.Bootstrap2.CertData2.Chunk082 (38s)
✔ [3910/3992] Built RamseyLean.Bootstrap2.CertData2.Chunk081 (38s)
✔ [3911/3992] Built RamseyLean.Bootstrap2.CertData2.Chunk080 (38s)
✔ [3912/3992] Built RamseyLean.Bootstrap2.CertData2.Chunk079 (37s)
✔ [3913/3992] Built RamseyLean.Bootstrap2.CertData2.Chunk078 (38s)
✔ [3914/3992] Built RamseyLean.Bootstrap2.CertData2.Chunk077 (37s)
✔ [3915/3992] Built RamseyLean.Bootstrap2.CertData2.Chunk076 (38s)
✔ [3916/3992] Built RamseyLean.Bootstrap2.CertData2.Chunk075 (37s)
✔ [3917/3992] Built RamseyLean.Bootstrap2.CertData2.Chunk074 (38s)
✔ [3918/3992] Built RamseyLean.Bootstrap2.CertData2.Chunk073 (38s)
✔ [3919/3992] Built RamseyLean.Bootstrap2.CertData2.Chunk072 (38s)
✔ [3920/3992] Built RamseyLean.Bootstrap2.CertData2.Chunk071 (38s)
✔ [3921/3992] Built RamseyLean.Bootstrap2.CertData2.Chunk070 (38s)
✔ [3922/3992] Built RamseyLean.Bootstrap2.CertData2.Chunk069 (38s)
✔ [3923/3992] Built RamseyLean.Bootstrap2.CertData2.Chunk068 (39s)
✔ [3924/3992] Built RamseyLean.Bootstrap2.CertData2.Chunk067 (38s)
✔ [3925/3992] Built RamseyLean.Bootstrap2.CertData2.Chunk066 (38s)
✔ [3926/3992] Built RamseyLean.Bootstrap2.CertData2.Chunk065 (38s)
✔ [3927/3992] Built RamseyLean.Bootstrap2.CertData2.Chunk064 (38s)
✔ [3928/3992] Built RamseyLean.Bootstrap2.CertData2.Chunk063 (37s)
✔ [3929/3992] Built RamseyLean.Bootstrap2.CertData2.Chunk062 (38s)
✔ [3930/3992] Built RamseyLean.Bootstrap2.CertData2.Chunk061 (38s)
✔ [3931/3992] Built RamseyLean.Bootstrap2.CertData2.Chunk060 (37s)
✔ [3932/3992] Built RamseyLean.Bootstrap2.CertData2.Chunk059 (38s)
✔ [3933/3992] Built RamseyLean.Bootstrap2.CertData2.Chunk057 (37s)
✔ [3934/3992] Built RamseyLean.Bootstrap2.CertData2.Chunk058 (38s)
✔ [3935/3992] Built RamseyLean.Bootstrap2.CertData2.Chunk055 (37s)
✔ [3936/3992] Built RamseyLean.Bootstrap2.CertData2.Chunk056 (39s)
✔ [3937/3992] Built RamseyLean.Bootstrap2.CertData2.Chunk054 (38s)
✔ [3938/3992] Built RamseyLean.Bootstrap2.CertData2.Chunk053 (37s)
✔ [3939/3992] Built RamseyLean.Bootstrap2.CertData2.Chunk052 (37s)
✔ [3940/3992] Built RamseyLean.Bootstrap2.CertData2.Chunk051 (37s)
✔ [3941/3992] Built RamseyLean.Bootstrap2.CertData2.Chunk050 (37s)
✔ [3942/3992] Built RamseyLean.Bootstrap2.CertData2.Chunk049 (38s)
✔ [3943/3992] Built RamseyLean.Bootstrap2.CertData2.Chunk048 (38s)
✔ [3944/3992] Built RamseyLean.Bootstrap2.CertData2.Chunk047 (38s)
✔ [3945/3992] Built RamseyLean.Bootstrap2.CertData2.Chunk046 (38s)
✔ [3946/3992] Built RamseyLean.Bootstrap2.CertData2.Chunk045 (38s)
✔ [3947/3992] Built RamseyLean.Bootstrap2.CertData2.Chunk044 (38s)
✔ [3948/3992] Built RamseyLean.Bootstrap2.CertData2.Chunk043 (39s)
✔ [3949/3992] Built RamseyLean.Bootstrap2.CertData2.Chunk042 (38s)
✔ [3950/3992] Built RamseyLean.Bootstrap2.CertData2.Chunk041 (38s)
✔ [3951/3992] Built RamseyLean.Bootstrap2.CertData2.Chunk038 (37s)
✔ [3952/3992] Built RamseyLean.Bootstrap2.CertData2.Chunk039 (37s)
✔ [3953/3992] Built RamseyLean.Bootstrap2.CertData2.Chunk040 (38s)
✔ [3954/3992] Built RamseyLean.Bootstrap2.CertData2.Chunk037 (38s)
✔ [3955/3992] Built RamseyLean.Bootstrap2.CertData2.Chunk036 (38s)
✔ [3956/3992] Built RamseyLean.Bootstrap2.CertData2.Chunk034 (38s)
✔ [3957/3992] Built RamseyLean.Bootstrap2.CertData2.Chunk035 (38s)
✔ [3958/3992] Built RamseyLean.Bootstrap2.CertData2.Chunk033 (38s)
✔ [3959/3992] Built RamseyLean.Bootstrap2.CertData2.Chunk032 (37s)
✔ [3960/3992] Built RamseyLean.Bootstrap2.CertData2.Chunk031 (37s)
✔ [3961/3992] Built RamseyLean.Bootstrap2.CertData2.Chunk030 (37s)
✔ [3962/3992] Built RamseyLean.Bootstrap2.CertData2.Chunk029 (37s)
✔ [3963/3992] Built RamseyLean.Bootstrap2.CertData2.Chunk028 (38s)
✔ [3964/3992] Built RamseyLean.Bootstrap2.CertData2.Chunk027 (38s)
✔ [3965/3992] Built RamseyLean.Bootstrap2.CertData2.Chunk025 (38s)
✔ [3966/3992] Built RamseyLean.Bootstrap2.CertData2.Chunk026 (38s)
✔ [3967/3992] Built RamseyLean.Bootstrap2.CertData2.Chunk023 (37s)
✔ [3968/3992] Built RamseyLean.Bootstrap2.CertData2.Chunk022 (38s)
✔ [3969/3992] Built RamseyLean.Bootstrap2.CertData2.Chunk024 (38s)
✔ [3970/3992] Built RamseyLean.Bootstrap2.CertData2.Chunk021 (38s)
✔ [3971/3992] Built RamseyLean.Bootstrap2.CertData2.Chunk020 (38s)
✔ [3972/3992] Built RamseyLean.Bootstrap2.CertData2.Chunk018 (38s)
✔ [3973/3992] Built RamseyLean.Bootstrap2.CertData2.Chunk017 (38s)
✔ [3974/3992] Built RamseyLean.Bootstrap2.CertData2.Chunk019 (42s)
✔ [3975/3992] Built RamseyLean.Bootstrap2.CertData2.Chunk016 (38s)
✔ [3976/3992] Built RamseyLean.Bootstrap2.CertData2.Chunk015 (37s)
✔ [3977/3992] Built RamseyLean.Bootstrap2.CertData2.Chunk014 (37s)
✔ [3978/3992] Built RamseyLean.Bootstrap2.CertData2.Chunk013 (38s)
✔ [3979/3992] Built RamseyLean.Bootstrap2.CertData2.Chunk012 (38s)
✔ [3980/3992] Built RamseyLean.Bootstrap2.CertData2.Chunk011 (37s)
✔ [3981/3992] Built RamseyLean.Bootstrap2.CertData2.Chunk009 (37s)
✔ [3982/3992] Built RamseyLean.Bootstrap2.CertData2.Chunk008 (37s)
✔ [3983/3992] Built RamseyLean.Bootstrap2.CertData2.Chunk010 (38s)
✔ [3984/3992] Built RamseyLean.Bootstrap2.CertData2.Chunk007 (37s)
✔ [3985/3992] Built RamseyLean.Bootstrap2.CertData2.Chunk006 (37s)
✔ [3986/3992] Built RamseyLean.Bootstrap2.CertData2.Chunk005 (37s)
✔ [3987/3992] Built RamseyLean.Bootstrap2.CertData2.Chunk004 (37s)
✔ [3988/3992] Built RamseyLean.Bootstrap2.CertData2.Chunk003 (37s)
✔ [3989/3992] Built RamseyLean.Bootstrap2.CertData2.Chunk002 (37s)
✔ [3990/3992] Built RamseyLean.Bootstrap2.CertData2.Chunk001 (36s)
✔ [3991/3992] Built RamseyLean.Bootstrap2.CertData2.CertData2 (120s)
✖ [3992/3992] Building RamseyLean.Bootstrap2.CertMain (74s)
trace: .> LEAN_PATH=/home/ubuntu/RamseyLean/.lake/packages/Cli/.lake/build/lib/lean:/home/ubuntu/RamseyLean/.lake/packages/batteries/.lake/build/lib/lean:/home/ubuntu/RamseyLean/.lake/packages/Qq/.lake/build/lib/lean:/home/ubuntu/RamseyLean/.lake/packages/aesop/.lake/build/lib/lean:/home/ubuntu/RamseyLean/.lake/packages/proofwidgets/.lake/build/lib/lean:/home/ubuntu/RamseyLean/.lake/packages/importGraph/.lake/build/lib/lean:/home/ubuntu/RamseyLean/.lake/packages/LeanSearchClient/.lake/build/lib/lean:/home/ubuntu/RamseyLean/.lake/packages/plausible/.lake/build/lib/lean:/home/ubuntu/RamseyLean/.lake/packages/mathlib/.lake/build/lib/lean:/home/ubuntu/RamseyLean/.lake/build/lib/lean /home/ubuntu/.elan/toolchains/leanprover--lean4---v4.32.1/bin/lean /home/ubuntu/RamseyLean/RamseyLean/Bootstrap2/CertMain.lean -o /home/ubuntu/RamseyLean/.lake/build/lib/lean/RamseyLean/Bootstrap2/CertMain.olean -i /home/ubuntu/RamseyLean/.lake/build/lib/lean/RamseyLean/Bootstrap2/CertMain.ilean -c /home/ubuntu/RamseyLean/.lake/build/ir/RamseyLean/Bootstrap2/CertMain.c --setup /home/ubuntu/RamseyLean/.lake/build/ir/RamseyLean/Bootstrap2/CertMain.setup.json --json
error: RamseyLean/Bootstrap2/CertMain.lean:80:13: Unknown identifier `add`
error: RamseyLean/Bootstrap2/CertMain.lean:83:15: Unknown identifier `contains_point`
error: RamseyLean/Bootstrap2/CertMain.lean:89:15: Unknown identifier `add`
error: RamseyLean/Bootstrap2/CertMain.lean:93:15: Unknown identifier `expSafe`
error: RamseyLean/Bootstrap2/CertMain.lean:95:13: Unknown identifier `contains_exp_of_safe`
error: RamseyLean/Bootstrap2/CertMain.lean:77:23: unsolved goals
x : ℝ := 2653604512524788171208898 / (2 * 10 ^ 24) + 1 / 1000000
hx : x = 2653604512524788171208898 / (2 * 10 ^ 24) + 1 / 1000000
hI : sorry
hIh : sorry
hsafe : sorry = true
⊢ Real.exp x ≤ 37690 / 10000
error: RamseyLean/Bootstrap2/CertMain.lean:133:8: Unknown identifier `pow_le_pow_left`
error: Lean exited with code 1
Some required targets logged failures:
- RamseyLean.Bootstrap2.CertMain
error: build failed

real	26m58.429s
user	352m52.266s
sys	11m4.226s
== CertMain rebuild Thu Sep  3 05:25:30 UTC 2026
⚠ [3417/3856] Replayed RamseyLean.Numerics.Core
warning: RamseyLean/Numerics/Core.lean:94:25: Used `tac1 <;> tac2` where `(tac1; tac2)` would suffice

Note: This linter can be disabled with `set_option linter.unnecessarySeqFocus false`
warning: RamseyLean/Numerics/Core.lean:156:51: Used `tac1 <;> tac2` where `(tac1; tac2)` would suffice

Note: This linter can be disabled with `set_option linter.unnecessarySeqFocus false`
⚠ [3423/3856] Replayed RamseyLean.Analysis.FixedPointInterval
warning: RamseyLean/Analysis/FixedPointInterval.lean:476:4: try 'simp' instead of 'simpa'

Note: This linter can be disabled with `set_option linter.unnecessarySimpa false`
warning: RamseyLean/Analysis/FixedPointInterval.lean:576:20: Used `tac1 <;> tac2` where `(tac1; tac2)` would suffice

Note: This linter can be disabled with `set_option linter.unnecessarySeqFocus false`
warning: RamseyLean/Analysis/FixedPointInterval.lean:576:34: Used `tac1 <;> tac2` where `(tac1; tac2)` would suffice

Note: This linter can be disabled with `set_option linter.unnecessarySeqFocus false`
warning: RamseyLean/Analysis/FixedPointInterval.lean:594:53: Used `tac1 <;> tac2` where `(tac1; tac2)` would suffice

Note: This linter can be disabled with `set_option linter.unnecessarySeqFocus false`
warning: RamseyLean/Analysis/FixedPointInterval.lean:671:2: 'norm_num at ⊢' tactic does nothing

Note: This linter can be disabled with `set_option linter.unusedTactic false`
warning: RamseyLean/Analysis/FixedPointInterval.lean:683:20: Used `tac1 <;> tac2` where `(tac1; tac2)` would suffice

Note: This linter can be disabled with `set_option linter.unnecessarySeqFocus false`
warning: RamseyLean/Analysis/FixedPointInterval.lean:683:34: Used `tac1 <;> tac2` where `(tac1; tac2)` would suffice

Note: This linter can be disabled with `set_option linter.unnecessarySeqFocus false`
warning: RamseyLean/Analysis/FixedPointInterval.lean:694:62: Used `tac1 <;> tac2` where `(tac1; tac2)` would suffice

Note: This linter can be disabled with `set_option linter.unnecessarySeqFocus false`
warning: RamseyLean/Analysis/FixedPointInterval.lean:776:22: Used `tac1 <;> tac2` where `(tac1; tac2)` would suffice

Note: This linter can be disabled with `set_option linter.unnecessarySeqFocus false`
warning: RamseyLean/Analysis/FixedPointInterval.lean:776:36: Used `tac1 <;> tac2` where `(tac1; tac2)` would suffice

Note: This linter can be disabled with `set_option linter.unnecessarySeqFocus false`
warning: RamseyLean/Analysis/FixedPointInterval.lean:779:22: Used `tac1 <;> tac2` where `(tac1; tac2)` would suffice

Note: This linter can be disabled with `set_option linter.unnecessarySeqFocus false`
warning: RamseyLean/Analysis/FixedPointInterval.lean:779:36: Used `tac1 <;> tac2` where `(tac1; tac2)` would suffice

Note: This linter can be disabled with `set_option linter.unnecessarySeqFocus false`
warning: RamseyLean/Analysis/FixedPointInterval.lean:788:20: Used `tac1 <;> tac2` where `(tac1; tac2)` would suffice

Note: This linter can be disabled with `set_option linter.unnecessarySeqFocus false`
warning: RamseyLean/Analysis/FixedPointInterval.lean:788:34: Used `tac1 <;> tac2` where `(tac1; tac2)` would suffice

Note: This linter can be disabled with `set_option linter.unnecessarySeqFocus false`
warning: RamseyLean/Analysis/FixedPointInterval.lean:831:20: Used `tac1 <;> tac2` where `(tac1; tac2)` would suffice

Note: This linter can be disabled with `set_option linter.unnecessarySeqFocus false`
warning: RamseyLean/Analysis/FixedPointInterval.lean:831:34: Used `tac1 <;> tac2` where `(tac1; tac2)` would suffice

Note: This linter can be disabled with `set_option linter.unnecessarySeqFocus false`
ℹ [3424/3856] Replayed RamseyLean.Bootstrap.CertCheck
info: RamseyLean/Bootstrap/CertCheck.lean:825:0: { lo := 1327542174938, hi := 1327542175013 }
info: RamseyLean/Bootstrap/CertCheck.lean:826:0: { lo := 761480418862, hi := 761480418902 }
info: RamseyLean/Bootstrap/CertCheck.lean:827:0: true
info: RamseyLean/Bootstrap/CertCheck.lean:828:0: true
info: RamseyLean/Bootstrap/CertCheck.lean:829:0: true
Build completed successfully (3992 jobs).

real	0m1.604s
user	0m1.596s
sys	0m0.996s
== axiom audit
no such file or directory (error code: 4294967294)
  file: /tmp/axprobe.lean
== DONE2 rc=0 Thu Sep  3 05:25:33 UTC 2026
